// Vitest Snapshot v1, https://vitest.dev/guide/snapshot.html

exports[`ProductCatalog component > mount without errors 1`] = `
<div
  data-v-app=""
>
  
  <h1
    data-v-18d94d88=""
  />
  <v-row
    data-v-18d94d88=""
    justify="center"
  >
    
    
  </v-row>
  
</div>
`;
